
=== cancel-plan (new) ===
(new file; 3864 bytes will be added)
Accept this change? [a]ccept / [s]kip / [A]ccept-all / [q]uit: [accept] capture (new)
[accept] execute-plan (new)
[accept] license (new)
[accept] makefile (new)
[accept] restart (new)
[accept] review-plan (new)
[accept] wrap (new)
[accept] shim cancel-plan (new)
[accept] shim capture (new)
[accept] shim execute-plan (new)
[accept] shim license (new)
[accept] shim makefile (new)
[accept] shim restart (new)
[accept] shim review-plan (new)
[accept] shim wrap (new)
[accept] skill-shim claude-skill startup-analyst (new)

Done. 17 accepted, 0 skipped, 0 custom (untouched). Shims: 8 added, 0 updated, 0 removed, 0 custom. Grok shims: 0 added, 0 updated, 0 removed, 0 custom. Skill shims: 1 added, 0 updated, 0 removed, 0 custom.
